// Jest Snapshot v1, https://goo.gl/fbAQLP

exports[`Poll component renders a Poll component 1`] = `
<div>
  <h1>
    Best Show Ever
  </h1>
  <ul>
    <li
      key="0"
    >
      GOT
    </li>
    <li
      key="1"
    >
      Seinfeld
    </li>
    <li
      key="2"
    >
      The Simpsons
    </li>
  </ul>
</div>
`;
